// Vitest Snapshot v1, https://vitest.dev/guide/snapshot.html

exports[`engine characterization snapshots (3b regression net) > custom > advanced - full program span 1`] = `
[
  "W01 Custom | 70km L24 | Mon easy8 / Tue tempo10 / Wed cross30m / Thu easy8 / Fri rest / Sat easy11 / Sun long20",
  "W02 Custom | 70km L24 | Mon easy8 / Tue tempo10 / Wed cross30m / Thu easy8 / Fri rest / Sat easy11 / Sun long20",
  "W03 Custom | 70km L24 | Mon easy8 / Tue tempo10 / Wed cross30m / Thu easy8 / Fri rest / Sat easy11 / Sun long20",
  "W04 Custom | 70km L24 | Mon easy8 / Tue tempo10 / Wed cross30m / Thu easy8 / Fri rest / Sat easy11 / Sun long20",
  "W05 Custom | 70km L24 | Mon easy8 / Tue tempo10 / Wed cross30m / Thu easy8 / Fri rest / Sat easy11 / Sun long20",
  "W06 Custom | 70km L24 | Mon easy8 / Tue tempo10 / Wed cross30m / Thu easy8 / Fri rest / Sat easy11 / Sun long20",
  "W07 Custom | 70km L24 | Mon easy8 / Tue tempo10 / Wed cross30m / Thu easy8 / Fri rest / Sat easy11 / Sun long20",
  "W08 Custom | 70km L24 | Mon easy8 / Tue tempo10 / Wed cross30m / Thu easy8 / Fri rest / Sat easy11 / Sun long20",
  "W09 Custom | 70km L24 | Mon easy8 / Tue tempo10 / Wed cross30m / Thu easy8 / Fri rest / Sat easy11 / Sun long20",
  "W10 Custom | 70km L24 | Mon easy8 / Tue tempo10 / Wed cross30m / Thu easy8 / Fri rest / Sat easy11 / Sun long20",
  "W11 Custom | 70km L24 | Mon easy8 / Tue tempo10 / Wed cross30m / Thu easy8 / Fri rest / Sat easy11 / Sun long20",
  "W12 Custom | 70km L24 | Mon easy8 / Tue tempo10 / Wed cross30m / Thu easy8 / Fri rest / Sat easy11 / Sun long20",
  "W13 Custom | 70km L24 | Mon easy8 / Tue tempo10 / Wed cross30m / Thu easy8 / Fri rest / Sat easy11 / Sun long20",
  "W14 Custom | 70km L24 | Mon easy8 / Tue tempo10 / Wed cross30m / Thu easy8 / Fri rest / Sat easy11 / Sun long20",
  "W15 Custom | 70km L24 | Mon easy8 / Tue tempo10 / Wed cross30m / Thu easy8 / Fri rest / Sat easy11 / Sun long20",
  "W16 Custom | 70km L24 | Mon easy8 / Tue tempo10 / Wed cross30m / Thu easy8 / Fri rest / Sat easy11 / Sun long20",
]
`;

exports[`engine characterization snapshots (3b regression net) > custom > beginner - full program span 1`] = `
[
  "W01 Custom | 70km L24 | Mon easy8 / Tue tempo10 / Wed cross30m / Thu easy8 / Fri rest / Sat easy11 / Sun long20",
  "W02 Custom | 70km L24 | Mon easy8 / Tue tempo10 / Wed cross30m / Thu easy8 / Fri rest / Sat easy11 / Sun long20",
  "W03 Custom | 70km L24 | Mon easy8 / Tue tempo10 / Wed cross30m / Thu easy8 / Fri rest / Sat easy11 / Sun long20",
  "W04 Custom | 70km L24 | Mon easy8 / Tue tempo10 / Wed cross30m / Thu easy8 / Fri rest / Sat easy11 / Sun long20",
  "W05 Custom | 70km L24 | Mon easy8 / Tue tempo10 / Wed cross30m / Thu easy8 / Fri rest / Sat easy11 / Sun long20",
  "W06 Custom | 70km L24 | Mon easy8 / Tue tempo10 / Wed cross30m / Thu easy8 / Fri rest / Sat easy11 / Sun long20",
  "W07 Custom | 70km L24 | Mon easy8 / Tue tempo10 / Wed cross30m / Thu easy8 / Fri rest / Sat easy11 / Sun long20",
  "W08 Custom | 70km L24 | Mon easy8 / Tue tempo10 / Wed cross30m / Thu easy8 / Fri rest / Sat easy11 / Sun long20",
  "W09 Custom | 70km L24 | Mon easy8 / Tue tempo10 / Wed cross30m / Thu easy8 / Fri rest / Sat easy11 / Sun long20",
  "W10 Custom | 70km L24 | Mon easy8 / Tue tempo10 / Wed cross30m / Thu easy8 / Fri rest / Sat easy11 / Sun long20",
  "W11 Custom | 70km L24 | Mon easy8 / Tue tempo10 / Wed cross30m / Thu easy8 / Fri rest / Sat easy11 / Sun long20",
  "W12 Custom | 70km L24 | Mon easy8 / Tue tempo10 / Wed cross30m / Thu easy8 / Fri rest / Sat easy11 / Sun long20",
  "W13 Custom | 70km L24 | Mon easy8 / Tue tempo10 / Wed cross30m / Thu easy8 / Fri rest / Sat easy11 / Sun long20",
  "W14 Custom | 70km L24 | Mon easy8 / Tue tempo10 / Wed cross30m / Thu easy8 / Fri rest / Sat easy11 / Sun long20",
  "W15 Custom | 70km L24 | Mon easy8 / Tue tempo10 / Wed cross30m / Thu easy8 / Fri rest / Sat easy11 / Sun long20",
  "W16 Custom | 70km L24 | Mon easy8 / Tue tempo10 / Wed cross30m / Thu easy8 / Fri rest / Sat easy11 / Sun long20",
]
`;

exports[`engine characterization snapshots (3b regression net) > custom > intermediate - full program span 1`] = `
[
  "W01 Custom | 70km L24 | Mon easy8 / Tue tempo10 / Wed cross30m / Thu easy8 / Fri rest / Sat easy11 / Sun long20",
  "W02 Custom | 70km L24 | Mon easy8 / Tue tempo10 / Wed cross30m / Thu easy8 / Fri rest / Sat easy11 / Sun long20",
  "W03 Custom | 70km L24 | Mon easy8 / Tue tempo10 / Wed cross30m / Thu easy8 / Fri rest / Sat easy11 / Sun long20",
  "W04 Custom | 70km L24 | Mon easy8 / Tue tempo10 / Wed cross30m / Thu easy8 / Fri rest / Sat easy11 / Sun long20",
  "W05 Custom | 70km L24 | Mon easy8 / Tue tempo10 / Wed cross30m / Thu easy8 / Fri rest / Sat easy11 / Sun long20",
  "W06 Custom | 70km L24 | Mon easy8 / Tue tempo10 / Wed cross30m / Thu easy8 / Fri rest / Sat easy11 / Sun long20",
  "W07 Custom | 70km L24 | Mon easy8 / Tue tempo10 / Wed cross30m / Thu easy8 / Fri rest / Sat easy11 / Sun long20",
  "W08 Custom | 70km L24 | Mon easy8 / Tue tempo10 / Wed cross30m / Thu easy8 / Fri rest / Sat easy11 / Sun long20",
  "W09 Custom | 70km L24 | Mon easy8 / Tue tempo10 / Wed cross30m / Thu easy8 / Fri rest / Sat easy11 / Sun long20",
  "W10 Custom | 70km L24 | Mon easy8 / Tue tempo10 / Wed cross30m / Thu easy8 / Fri rest / Sat easy11 / Sun long20",
  "W11 Custom | 70km L24 | Mon easy8 / Tue tempo10 / Wed cross30m / Thu easy8 / Fri rest / Sat easy11 / Sun long20",
  "W12 Custom | 70km L24 | Mon easy8 / Tue tempo10 / Wed cross30m / Thu easy8 / Fri rest / Sat easy11 / Sun long20",
  "W13 Custom | 70km L24 | Mon easy8 / Tue tempo10 / Wed cross30m / Thu easy8 / Fri rest / Sat easy11 / Sun long20",
  "W14 Custom | 70km L24 | Mon easy8 / Tue tempo10 / Wed cross30m / Thu easy8 / Fri rest / Sat easy11 / Sun long20",
  "W15 Custom | 70km L24 | Mon easy8 / Tue tempo10 / Wed cross30m / Thu easy8 / Fri rest / Sat easy11 / Sun long20",
  "W16 Custom | 70km L24 | Mon easy8 / Tue tempo10 / Wed cross30m / Thu easy8 / Fri rest / Sat easy11 / Sun long20",
]
`;

exports[`engine characterization snapshots (3b regression net) > daniels > advanced - full program span 1`] = `
[
  "W01 Base | 80km L32 | Mon easy8 / Tue easy8 / Wed easy8 / Thu easy8 / Fri recovery5.5 / Sat easy10 / Sun long27.2",
  "W02 Base | 80km L32 | Mon easy8 / Tue easy8 / Wed easy8 / Thu easy8 / Fri recovery5.5 / Sat easy10 / Sun long27.2",
  "W03 Base | 80km L32 | Mon easy8 / Tue easy8 / Wed easy8 / Thu easy8 / Fri recovery5.5 / Sat easy10 / Sun long27.2",
  "W04 Base | 80km L32 | Mon easy8 / Tue easy8 / Wed easy8 / Thu easy8 / Fri recovery5.5 / Sat easy10 / Sun long27.2",
  "W05 Base | 80km L32 | Mon easy8 / Tue easy8 / Wed easy8 / Thu easy8 / Fri recovery5.5 / Sat easy10 / Sun long27.2",
  "W06 Base | 80km L32 | Mon easy8 / Tue easy8 / Wed easy8 / Thu easy8 / Fri recovery5.5 / Sat easy10 / Sun long27.2",
  "W07 Base | 80km L32 | Mon easy8 / Tue easy8 / Wed easy8 / Thu easy8 / Fri recovery5.5 / Sat easy10 / Sun long27.2",
  "W08 Base | 80km L32 | Mon easy8 / Tue easy8 / Wed easy8 / Thu easy8 / Fri recovery5.5 / Sat easy10 / Sun long27.2",
  "W09 Base | 80km L32 | Mon easy8 / Tue easy8 / Wed easy8 / Thu easy8 / Fri recovery5.5 / Sat easy10 / Sun long27.2",
  "W10 Quality | 80km L32 | Mon easy8 / Tue tempo10 / Wed easy8 / Thu interval7.5 / Fri recovery5.5 / Sat easy10 / Sun long27.2",
  "W11 Quality | 80km L32 | Mon easy8 / Tue tempo10 / Wed easy8 / Thu interval7.5 / Fri recovery5.5 / Sat easy10 / Sun long27.2",
  "W12 Quality | 80km L32 | Mon easy8 / Tue tempo10 / Wed easy8 / Thu interval7.5 / Fri recovery5.5 / Sat easy10 / Sun long27.2",
  "W13 Quality | 80km L32 | Mon easy8 / Tue tempo10 / Wed easy8 / Thu interval7.5 / Fri recovery5.5 / Sat easy10 / Sun long27.2",
  "W14 Quality | 80km L32 | Mon easy8 / Tue tempo10 / Wed easy8 / Thu interval7.5 / Fri recovery5.5 / Sat easy10 / Sun long27.2",
  "W15 Quality | 80km L32 | Mon easy8 / Tue tempo10 / Wed easy8 / Thu interval7.5 / Fri recovery5.5 / Sat easy10 / Sun long27.2",
  "W16 Quality | 80km L32 | Mon easy8 / Tue tempo10 / Wed easy8 / Thu interval7.5 / Fri recovery5.5 / Sat easy10 / Sun long27.2",
  "W17 Quality | 80km L32 | Mon easy8 / Tue tempo10 / Wed easy8 / Thu interval7.5 / Fri recovery5.5 / Sat easy10 / Sun long27.2",
  "W18 Quality | 80km L32 | Mon easy8 / Tue tempo10 / Wed easy8 / Thu interval7.5 / Fri recovery5.5 / Sat easy10 / Sun long27.2",
]
`;

exports[`engine characterization snapshots (3b regression net) > daniels > beginner - full program span 1`] = `
[
  "W01 Base | 80km L32 | Mon easy8 / Tue easy8 / Wed easy8 / Thu easy8 / Fri recovery5.5 / Sat easy10 / Sun long27.2",
  "W02 Base | 80km L32 | Mon easy8 / Tue easy8 / Wed easy8 / Thu easy8 / Fri recovery5.5 / Sat easy10 / Sun long27.2",
  "W03 Base | 80km L32 | Mon easy8 / Tue easy8 / Wed easy8 / Thu easy8 / Fri recovery5.5 / Sat easy10 / Sun long27.2",
  "W04 Base | 80km L32 | Mon easy8 / Tue easy8 / Wed easy8 / Thu easy8 / Fri recovery5.5 / Sat easy10 / Sun long27.2",
  "W05 Base | 80km L32 | Mon easy8 / Tue easy8 / Wed easy8 / Thu easy8 / Fri recovery5.5 / Sat easy10 / Sun long27.2",
  "W06 Base | 80km L32 | Mon easy8 / Tue easy8 / Wed easy8 / Thu easy8 / Fri recovery5.5 / Sat easy10 / Sun long27.2",
  "W07 Base | 80km L32 | Mon easy8 / Tue easy8 / Wed easy8 / Thu easy8 / Fri recovery5.5 / Sat easy10 / Sun long27.2",
  "W08 Base | 80km L32 | Mon easy8 / Tue easy8 / Wed easy8 / Thu easy8 / Fri recovery5.5 / Sat easy10 / Sun long27.2",
  "W09 Base | 80km L32 | Mon easy8 / Tue easy8 / Wed easy8 / Thu easy8 / Fri recovery5.5 / Sat easy10 / Sun long27.2",
  "W10 Quality | 80km L32 | Mon easy8 / Tue tempo10 / Wed easy8 / Thu interval7.5 / Fri recovery5.5 / Sat easy10 / Sun long27.2",
  "W11 Quality | 80km L32 | Mon easy8 / Tue tempo10 / Wed easy8 / Thu interval7.5 / Fri recovery5.5 / Sat easy10 / Sun long27.2",
  "W12 Quality | 80km L32 | Mon easy8 / Tue tempo10 / Wed easy8 / Thu interval7.5 / Fri recovery5.5 / Sat easy10 / Sun long27.2",
  "W13 Quality | 80km L32 | Mon easy8 / Tue tempo10 / Wed easy8 / Thu interval7.5 / Fri recovery5.5 / Sat easy10 / Sun long27.2",
  "W14 Quality | 80km L32 | Mon easy8 / Tue tempo10 / Wed easy8 / Thu interval7.5 / Fri recovery5.5 / Sat easy10 / Sun long27.2",
  "W15 Quality | 80km L32 | Mon easy8 / Tue tempo10 / Wed easy8 / Thu interval7.5 / Fri recovery5.5 / Sat easy10 / Sun long27.2",
  "W16 Quality | 80km L32 | Mon easy8 / Tue tempo10 / Wed easy8 / Thu interval7.5 / Fri recovery5.5 / Sat easy10 / Sun long27.2",
  "W17 Quality | 80km L32 | Mon easy8 / Tue tempo10 / Wed easy8 / Thu interval7.5 / Fri recovery5.5 / Sat easy10 / Sun long27.2",
  "W18 Quality | 80km L32 | Mon easy8 / Tue tempo10 / Wed easy8 / Thu interval7.5 / Fri recovery5.5 / Sat easy10 / Sun long27.2",
]
`;

exports[`engine characterization snapshots (3b regression net) > daniels > intermediate - full program span 1`] = `
[
  "W01 Base | 80km L32 | Mon easy8 / Tue easy8 / Wed easy8 / Thu easy8 / Fri recovery5.5 / Sat easy10 / Sun long27.2",
  "W02 Base | 80km L32 | Mon easy8 / Tue easy8 / Wed easy8 / Thu easy8 / Fri recovery5.5 / Sat easy10 / Sun long27.2",
  "W03 Base | 80km L32 | Mon easy8 / Tue easy8 / Wed easy8 / Thu easy8 / Fri recovery5.5 / Sat easy10 / Sun long27.2",
  "W04 Base | 80km L32 | Mon easy8 / Tue easy8 / Wed easy8 / Thu easy8 / Fri recovery5.5 / Sat easy10 / Sun long27.2",
  "W05 Base | 80km L32 | Mon easy8 / Tue easy8 / Wed easy8 / Thu easy8 / Fri recovery5.5 / Sat easy10 / Sun long27.2",
  "W06 Base | 80km L32 | Mon easy8 / Tue easy8 / Wed easy8 / Thu easy8 / Fri recovery5.5 / Sat easy10 / Sun long27.2",
  "W07 Base | 80km L32 | Mon easy8 / Tue easy8 / Wed easy8 / Thu easy8 / Fri recovery5.5 / Sat easy10 / Sun long27.2",
  "W08 Base | 80km L32 | Mon easy8 / Tue easy8 / Wed easy8 / Thu easy8 / Fri recovery5.5 / Sat easy10 / Sun long27.2",
  "W09 Base | 80km L32 | Mon easy8 / Tue easy8 / Wed easy8 / Thu easy8 / Fri recovery5.5 / Sat easy10 / Sun long27.2",
  "W10 Quality | 80km L32 | Mon easy8 / Tue tempo10 / Wed easy8 / Thu interval7.5 / Fri recovery5.5 / Sat easy10 / Sun long27.2",
  "W11 Quality | 80km L32 | Mon easy8 / Tue tempo10 / Wed easy8 / Thu interval7.5 / Fri recovery5.5 / Sat easy10 / Sun long27.2",
  "W12 Quality | 80km L32 | Mon easy8 / Tue tempo10 / Wed easy8 / Thu interval7.5 / Fri recovery5.5 / Sat easy10 / Sun long27.2",
  "W13 Quality | 80km L32 | Mon easy8 / Tue tempo10 / Wed easy8 / Thu interval7.5 / Fri recovery5.5 / Sat easy10 / Sun long27.2",
  "W14 Quality | 80km L32 | Mon easy8 / Tue tempo10 / Wed easy8 / Thu interval7.5 / Fri recovery5.5 / Sat easy10 / Sun long27.2",
  "W15 Quality | 80km L32 | Mon easy8 / Tue tempo10 / Wed easy8 / Thu interval7.5 / Fri recovery5.5 / Sat easy10 / Sun long27.2",
  "W16 Quality | 80km L32 | Mon easy8 / Tue tempo10 / Wed easy8 / Thu interval7.5 / Fri recovery5.5 / Sat easy10 / Sun long27.2",
  "W17 Quality | 80km L32 | Mon easy8 / Tue tempo10 / Wed easy8 / Thu interval7.5 / Fri recovery5.5 / Sat easy10 / Sun long27.2",
  "W18 Quality | 80km L32 | Mon easy8 / Tue tempo10 / Wed easy8 / Thu interval7.5 / Fri recovery5.5 / Sat easy10 / Sun long27.2",
]
`;

exports[`engine characterization snapshots (3b regression net) > hansons > advanced - full program span 1`] = `
[
  "W01 Build | 31km L14 | Mon easy8.5 / Tue interval11 / Wed cross30m / Thu tempo12.5 / Fri easy6.5 / Sat easy10 / Sun long12.9",
  "W02 Build | 36km L16 | Mon easy8.5 / Tue interval11 / Wed cross30m / Thu tempo12.5 / Fri easy6.5 / Sat easy10 / Sun long14.8",
  "W03 Build | 42km L17 | Mon easy8.5 / Tue interval11 / Wed cross30m / Thu tempo12.5 / Fri easy6.5 / Sat easy10 / Sun long15.7",
  "W04 Build | 47km L18 | Mon easy8.5 / Tue interval11 / Wed cross30m / Thu tempo12.5 / Fri easy6.5 / Sat easy10 / Sun long16.6",
  "W05 Build | 53km L20 | Mon easy8.5 / Tue interval11 / Wed cross30m / Thu tempo12.5 / Fri easy6.5 / Sat easy10 / Sun long18.5",
  "W06 Build | 59km L21 | Mon easy8.5 / Tue interval11 / Wed cross30m / Thu tempo12.5 / Fri easy6.5 / Sat easy10 / Sun long19.4",
  "W07 Build | 64km L22 | Mon easy8.5 / Tue interval11 / Wed cross30m / Thu tempo12.5 / Fri easy6.5 / Sat easy10 / Sun long20.4",
  "W08 Peak | 70km L23 | Mon easy8.5 / Tue tempo11 / Wed cross30m / Thu tempo12.5 / Fri easy6.5 / Sat easy10 / Sun long21.3",
  "W09 Peak | 75km L25 | Mon easy8.5 / Tue tempo11 / Wed cross30m / Thu tempo12.5 / Fri easy6.5 / Sat easy10 / Sun long23.1",
  "W10 Peak | 81km L26 | Mon easy8.5 / Tue tempo11 / Wed cross30m / Thu tempo12.5 / Fri easy6.5 / Sat easy10 / Sun long24.0",
  "W11 Peak | 86km L26 | Mon easy8.5 / Tue tempo11 / Wed cross30m / Thu tempo12.5 / Fri easy6.5 / Sat easy10 / Sun long24.0",
  "W12 Peak | 92km L26 | Mon easy8.5 / Tue tempo11 / Wed cross30m / Thu tempo12.5 / Fri easy6.5 / Sat easy10 / Sun long24.0",
  "W13 Peak | 92km L26 | Mon easy8.5 / Tue tempo11 / Wed cross30m / Thu tempo12.5 / Fri easy6.5 / Sat easy10 / Sun long24.0",
  "W14 Peak | 92km L26 | Mon easy8.5 / Tue tempo11 / Wed cross30m / Thu tempo12.5 / Fri easy6.5 / Sat easy10 / Sun long24.0",
  "W15 Peak | 92km L26 | Mon easy8.5 / Tue tempo11 / Wed cross30m / Thu tempo12.5 / Fri easy6.5 / Sat easy10 / Sun long24.0",
  "W16 Taper | 64.4km L16 | Mon easy8.5 / Tue tempo11 / Wed cross30m / Thu tempo12.5 / Fri easy6.5 / Sat easy10 / Sun long14.8",
  "W17 Taper | 64.4km L16 | Mon easy8.5 / Tue tempo11 / Wed cross30m / Thu tempo12.5 / Fri easy6.5 / Sat easy10 / Sun long14.8",
  "W18 Taper | 64.4km L16 | Mon easy8.5 / Tue tempo11 / Wed cross30m / Thu tempo12.5 / Fri easy6.5 / Sat easy10 / Sun long14.8",
]
`;

exports[`engine characterization snapshots (3b regression net) > hansons > beginner - full program span 1`] = `
[
  "W01 Build | 31km L14 | Mon easy8.5 / Tue interval11 / Wed cross30m / Thu tempo12.5 / Fri easy6.5 / Sat easy10 / Sun long12.9",
  "W02 Build | 36km L16 | Mon easy8.5 / Tue interval11 / Wed cross30m / Thu tempo12.5 / Fri easy6.5 / Sat easy10 / Sun long14.8",
  "W03 Build | 42km L17 | Mon easy8.5 / Tue interval11 / Wed cross30m / Thu tempo12.5 / Fri easy6.5 / Sat easy10 / Sun long15.7",
  "W04 Build | 47km L18 | Mon easy8.5 / Tue interval11 / Wed cross30m / Thu tempo12.5 / Fri easy6.5 / Sat easy10 / Sun long16.6",
  "W05 Build | 53km L20 | Mon easy8.5 / Tue interval11 / Wed cross30m / Thu tempo12.5 / Fri easy6.5 / Sat easy10 / Sun long18.5",
  "W06 Build | 59km L21 | Mon easy8.5 / Tue interval11 / Wed cross30m / Thu tempo12.5 / Fri easy6.5 / Sat easy10 / Sun long19.4",
  "W07 Build | 64km L22 | Mon easy8.5 / Tue interval11 / Wed cross30m / Thu tempo12.5 / Fri easy6.5 / Sat easy10 / Sun long20.4",
  "W08 Peak | 70km L23 | Mon easy8.5 / Tue tempo11 / Wed cross30m / Thu tempo12.5 / Fri easy6.5 / Sat easy10 / Sun long21.3",
  "W09 Peak | 75km L25 | Mon easy8.5 / Tue tempo11 / Wed cross30m / Thu tempo12.5 / Fri easy6.5 / Sat easy10 / Sun long23.1",
  "W10 Peak | 81km L26 | Mon easy8.5 / Tue tempo11 / Wed cross30m / Thu tempo12.5 / Fri easy6.5 / Sat easy10 / Sun long24.0",
  "W11 Peak | 86km L26 | Mon easy8.5 / Tue tempo11 / Wed cross30m / Thu tempo12.5 / Fri easy6.5 / Sat easy10 / Sun long24.0",
  "W12 Peak | 92km L26 | Mon easy8.5 / Tue tempo11 / Wed cross30m / Thu tempo12.5 / Fri easy6.5 / Sat easy10 / Sun long24.0",
  "W13 Peak | 92km L26 | Mon easy8.5 / Tue tempo11 / Wed cross30m / Thu tempo12.5 / Fri easy6.5 / Sat easy10 / Sun long24.0",
  "W14 Peak | 92km L26 | Mon easy8.5 / Tue tempo11 / Wed cross30m / Thu tempo12.5 / Fri easy6.5 / Sat easy10 / Sun long24.0",
  "W15 Peak | 92km L26 | Mon easy8.5 / Tue tempo11 / Wed cross30m / Thu tempo12.5 / Fri easy6.5 / Sat easy10 / Sun long24.0",
  "W16 Taper | 64.4km L16 | Mon easy8.5 / Tue tempo11 / Wed cross30m / Thu tempo12.5 / Fri easy6.5 / Sat easy10 / Sun long14.8",
  "W17 Taper | 64.4km L16 | Mon easy8.5 / Tue tempo11 / Wed cross30m / Thu tempo12.5 / Fri easy6.5 / Sat easy10 / Sun long14.8",
  "W18 Taper | 64.4km L16 | Mon easy8.5 / Tue tempo11 / Wed cross30m / Thu tempo12.5 / Fri easy6.5 / Sat easy10 / Sun long14.8",
]
`;

exports[`engine characterization snapshots (3b regression net) > hansons > intermediate - full program span 1`] = `
[
  "W01 Build | 31km L14 | Mon easy8.5 / Tue interval11 / Wed cross30m / Thu tempo12.5 / Fri easy6.5 / Sat easy10 / Sun long12.9",
  "W02 Build | 36km L16 | Mon easy8.5 / Tue interval11 / Wed cross30m / Thu tempo12.5 / Fri easy6.5 / Sat easy10 / Sun long14.8",
  "W03 Build | 42km L17 | Mon easy8.5 / Tue interval11 / Wed cross30m / Thu tempo12.5 / Fri easy6.5 / Sat easy10 / Sun long15.7",
  "W04 Build | 47km L18 | Mon easy8.5 / Tue interval11 / Wed cross30m / Thu tempo12.5 / Fri easy6.5 / Sat easy10 / Sun long16.6",
  "W05 Build | 53km L20 | Mon easy8.5 / Tue interval11 / Wed cross30m / Thu tempo12.5 / Fri easy6.5 / Sat easy10 / Sun long18.5",
  "W06 Build | 59km L21 | Mon easy8.5 / Tue interval11 / Wed cross30m / Thu tempo12.5 / Fri easy6.5 / Sat easy10 / Sun long19.4",
  "W07 Build | 64km L22 | Mon easy8.5 / Tue interval11 / Wed cross30m / Thu tempo12.5 / Fri easy6.5 / Sat easy10 / Sun long20.4",
  "W08 Peak | 70km L23 | Mon easy8.5 / Tue tempo11 / Wed cross30m / Thu tempo12.5 / Fri easy6.5 / Sat easy10 / Sun long21.3",
  "W09 Peak | 75km L25 | Mon easy8.5 / Tue tempo11 / Wed cross30m / Thu tempo12.5 / Fri easy6.5 / Sat easy10 / Sun long23.1",
  "W10 Peak | 81km L26 | Mon easy8.5 / Tue tempo11 / Wed cross30m / Thu tempo12.5 / Fri easy6.5 / Sat easy10 / Sun long24.0",
  "W11 Peak | 86km L26 | Mon easy8.5 / Tue tempo11 / Wed cross30m / Thu tempo12.5 / Fri easy6.5 / Sat easy10 / Sun long24.0",
  "W12 Peak | 92km L26 | Mon easy8.5 / Tue tempo11 / Wed cross30m / Thu tempo12.5 / Fri easy6.5 / Sat easy10 / Sun long24.0",
  "W13 Peak | 92km L26 | Mon easy8.5 / Tue tempo11 / Wed cross30m / Thu tempo12.5 / Fri easy6.5 / Sat easy10 / Sun long24.0",
  "W14 Peak | 92km L26 | Mon easy8.5 / Tue tempo11 / Wed cross30m / Thu tempo12.5 / Fri easy6.5 / Sat easy10 / Sun long24.0",
  "W15 Peak | 92km L26 | Mon easy8.5 / Tue tempo11 / Wed cross30m / Thu tempo12.5 / Fri easy6.5 / Sat easy10 / Sun long24.0",
  "W16 Taper | 64.4km L16 | Mon easy8.5 / Tue tempo11 / Wed cross30m / Thu tempo12.5 / Fri easy6.5 / Sat easy10 / Sun long14.8",
  "W17 Taper | 64.4km L16 | Mon easy8.5 / Tue tempo11 / Wed cross30m / Thu tempo12.5 / Fri easy6.5 / Sat easy10 / Sun long14.8",
  "W18 Taper | 64.4km L16 | Mon easy8.5 / Tue tempo11 / Wed cross30m / Thu tempo12.5 / Fri easy6.5 / Sat easy10 / Sun long14.8",
]
`;

exports[`engine characterization snapshots (3b regression net) > higdon > advanced - full program span 1`] = `
[
  "W01 Build | 56km L16 | Mon cross30m / Tue tempo8 / Wed easy6.5 / Thu tempo8 / Fri rest / Sat easy6 / Sun long15.4",
  "W02 Build | 58km L18 | Mon cross30m / Tue tempo8 / Wed easy6.5 / Thu tempo8 / Fri rest / Sat easy6 / Sun long17.2",
  "W03 Build | 60km L19 | Mon cross30m / Tue tempo8 / Wed easy6.5 / Thu tempo8 / Fri rest / Sat easy6 / Sun long18.9",
  "W04 Recovery | 62km L15 | Mon cross30m / Tue tempo8 / Wed easy6.5 / Thu tempo8 / Fri rest / Sat easy6 / Sun long14.5",
  "W05 Build | 64km L23 | Mon cross30m / Tue tempo8 / Wed easy6.5 / Thu tempo8 / Fri rest / Sat easy6 / Sun long22.4",
  "W06 Build | 66km L25 | Mon cross30m / Tue tempo8 / Wed easy6.5 / Thu tempo8 / Fri rest / Sat easy6 / Sun long24.2",
  "W07 Build | 68km L27 | Mon cross30m / Tue tempo8 / Wed easy6.5 / Thu tempo8 / Fri rest / Sat easy6 / Sun long25.9",
  "W08 Recovery | 70km L20 | Mon cross30m / Tue tempo8 / Wed easy6.5 / Thu tempo8 / Fri rest / Sat easy6 / Sun long19.4",
  "W09 Build | 72km L30 | Mon cross30m / Tue tempo8 / Wed easy6.5 / Thu tempo8 / Fri rest / Sat easy6 / Sun long29.4",
  "W10 Build | 74km L32 | Mon cross30m / Tue tempo8 / Wed easy6.5 / Thu tempo8 / Fri rest / Sat easy6 / Sun long31.2",
  "W11 Build | 76km L34 | Mon cross30m / Tue tempo8 / Wed easy6.5 / Thu tempo8 / Fri rest / Sat easy6 / Sun long33.0",
  "W12 Recovery | 78km L25 | Mon cross30m / Tue tempo8 / Wed easy6.5 / Thu tempo8 / Fri rest / Sat easy6 / Sun long24.3",
  "W13 Build | 80km L35 | Mon cross30m / Tue tempo8 / Wed easy6.5 / Thu tempo8 / Fri rest / Sat easy6 / Sun long34.1",
  "W14 Build | 82km L35 | Mon cross30m / Tue tempo8 / Wed easy6.5 / Thu tempo8 / Fri rest / Sat easy6 / Sun long34.1",
  "W15 Build | 84km L35 | Mon cross30m / Tue tempo8 / Wed easy6.5 / Thu tempo8 / Fri rest / Sat easy6 / Sun long34.1",
  "W16 Taper | 86km L29 | Mon cross30m / Tue tempo8 / Wed easy6.5 / Thu tempo8 / Fri rest / Sat easy6 / Sun long28.0",
  "W17 Taper | 88km L35 | Mon cross30m / Tue tempo8 / Wed easy6.5 / Thu tempo8 / Fri rest / Sat easy6 / Sun long34.1",
  "W18 Taper | 90km L35 | Mon cross30m / Tue tempo8 / Wed easy6.5 / Thu tempo8 / Fri rest / Sat easy6 / Sun long34.1",
]
`;

exports[`engine characterization snapshots (3b regression net) > higdon > beginner - full program span 1`] = `
[
  "W01 Build | 37km L12 | Mon cross30m / Tue easy8 / Wed easy6.5 / Thu easy8 / Fri rest / Sat easy6 / Sun long11.3",
  "W02 Build | 39km L13 | Mon cross30m / Tue easy8 / Wed easy6.5 / Thu easy8 / Fri rest / Sat easy6 / Sun long12.9",
  "W03 Build | 40km L15 | Mon cross30m / Tue easy8 / Wed easy6.5 / Thu easy8 / Fri rest / Sat easy6 / Sun long14.4",
  "W04 Recovery | 41km L11 | Mon cross30m / Tue easy8 / Wed easy6.5 / Thu easy8 / Fri rest / Sat easy6 / Sun long11.2",
  "W05 Build | 43km L18 | Mon cross30m / Tue easy8 / Wed easy6.5 / Thu easy8 / Fri rest / Sat easy6 / Sun long17.5",
  "W06 Build | 44km L20 | Mon cross30m / Tue easy8 / Wed easy6.5 / Thu easy8 / Fri rest / Sat easy6 / Sun long19.1",
  "W07 Build | 45km L21 | Mon cross30m / Tue easy8 / Wed easy6.5 / Thu easy8 / Fri rest / Sat easy6 / Sun long20.7",
  "W08 Recovery | 47km L16 | Mon cross30m / Tue easy8 / Wed easy6.5 / Thu easy8 / Fri rest / Sat easy6 / Sun long15.6",
  "W09 Build | 48km L24 | Mon cross30m / Tue easy8 / Wed easy6.5 / Thu easy8 / Fri rest / Sat easy6 / Sun long23.8",
  "W10 Build | 49km L26 | Mon cross30m / Tue easy8 / Wed easy6.5 / Thu easy8 / Fri rest / Sat easy6 / Sun long25.4",
  "W11 Build | 51km L28 | Mon cross30m / Tue easy8 / Wed easy6.5 / Thu easy8 / Fri rest / Sat easy6 / Sun long26.9",
  "W12 Recovery | 52km L20 | Mon cross30m / Tue easy8 / Wed easy6.5 / Thu easy8 / Fri rest / Sat easy6 / Sun long19.9",
  "W13 Build | 53km L31 | Mon cross30m / Tue easy8 / Wed easy6.5 / Thu easy8 / Fri rest / Sat easy6 / Sun long30.0",
  "W14 Build | 55km L32 | Mon cross30m / Tue easy8 / Wed easy6.5 / Thu easy8 / Fri rest / Sat easy6 / Sun long31.2",
  "W15 Build | 56km L32 | Mon cross30m / Tue easy8 / Wed easy6.5 / Thu easy8 / Fri rest / Sat easy6 / Sun long31.2",
  "W16 Taper | 57km L24 | Mon cross30m / Tue easy8 / Wed easy6.5 / Thu easy8 / Fri rest / Sat easy6 / Sun long23.2",
  "W17 Taper | 59km L32 | Mon cross30m / Tue easy8 / Wed easy6.5 / Thu easy8 / Fri rest / Sat easy6 / Sun long31.2",
  "W18 Taper | 60km L32 | Mon cross30m / Tue easy8 / Wed easy6.5 / Thu easy8 / Fri rest / Sat easy6 / Sun long31.2",
]
`;

exports[`engine characterization snapshots (3b regression net) > higdon > intermediate - full program span 1`] = `
[
  "W01 Build | 47km L14 | Mon cross30m / Tue tempo8 / Wed easy6.5 / Thu easy8 / Fri rest / Sat easy6 / Sun long13.4",
  "W02 Build | 48km L15 | Mon cross30m / Tue tempo8 / Wed easy6.5 / Thu easy8 / Fri rest / Sat easy6 / Sun long15.0",
  "W03 Build | 50km L17 | Mon cross30m / Tue tempo8 / Wed easy6.5 / Thu easy8 / Fri rest / Sat easy6 / Sun long16.7",
  "W04 Recovery | 52km L13 | Mon cross30m / Tue tempo8 / Wed easy6.5 / Thu easy8 / Fri rest / Sat easy6 / Sun long12.8",
  "W05 Build | 53km L21 | Mon cross30m / Tue tempo8 / Wed easy6.5 / Thu easy8 / Fri rest / Sat easy6 / Sun long20.0",
  "W06 Build | 55km L22 | Mon cross30m / Tue tempo8 / Wed easy6.5 / Thu easy8 / Fri rest / Sat easy6 / Sun long21.6",
  "W07 Build | 57km L24 | Mon cross30m / Tue tempo8 / Wed easy6.5 / Thu easy8 / Fri rest / Sat easy6 / Sun long23.3",
  "W08 Recovery | 58km L18 | Mon cross30m / Tue tempo8 / Wed easy6.5 / Thu easy8 / Fri rest / Sat easy6 / Sun long17.5",
  "W09 Build | 60km L27 | Mon cross30m / Tue tempo8 / Wed easy6.5 / Thu easy8 / Fri rest / Sat easy6 / Sun long26.6",
  "W10 Build | 62km L29 | Mon cross30m / Tue tempo8 / Wed easy6.5 / Thu easy8 / Fri rest / Sat easy6 / Sun long28.3",
  "W11 Build | 63km L31 | Mon cross30m / Tue tempo8 / Wed easy6.5 / Thu easy8 / Fri rest / Sat easy6 / Sun long29.9",
  "W12 Recovery | 65km L23 | Mon cross30m / Tue tempo8 / Wed easy6.5 / Thu easy8 / Fri rest / Sat easy6 / Sun long22.1",
  "W13 Build | 67km L32 | Mon cross30m / Tue tempo8 / Wed easy6.5 / Thu easy8 / Fri rest / Sat easy6 / Sun long31.2",
  "W14 Build | 68km L32 | Mon cross30m / Tue tempo8 / Wed easy6.5 / Thu easy8 / Fri rest / Sat easy6 / Sun long31.2",
  "W15 Build | 70km L32 | Mon cross30m / Tue tempo8 / Wed easy6.5 / Thu easy8 / Fri rest / Sat easy6 / Sun long31.2",
  "W16 Taper | 72km L26 | Mon cross30m / Tue tempo8 / Wed easy6.5 / Thu easy8 / Fri rest / Sat easy6 / Sun long25.6",
  "W17 Taper | 73km L32 | Mon cross30m / Tue tempo8 / Wed easy6.5 / Thu easy8 / Fri rest / Sat easy6 / Sun long31.2",
  "W18 Taper | 75km L32 | Mon cross30m / Tue tempo8 / Wed easy6.5 / Thu easy8 / Fri rest / Sat easy6 / Sun long31.2",
]
`;

exports[`engine characterization snapshots (3b regression net) > lydiard > advanced - full program span 1`] = `
[
  "W01 Marathon Conditioning | 124km L35 | Mon easy12 / Tue easy12 / Wed easy12 / Thu easy12 / Fri easy12 / Sat easy12 / Sun long29.8",
  "W02 Marathon Conditioning | 124km L35 | Mon easy12 / Tue easy12 / Wed easy12 / Thu easy12 / Fri easy12 / Sat easy12 / Sun long29.8",
  "W03 Marathon Conditioning | 124km L35 | Mon easy12 / Tue easy12 / Wed easy12 / Thu easy12 / Fri easy12 / Sat easy12 / Sun long29.8",
  "W04 Marathon Conditioning | 124km L35 | Mon easy12 / Tue easy12 / Wed easy12 / Thu easy12 / Fri easy12 / Sat easy12 / Sun long29.8",
  "W05 Marathon Conditioning | 124km L35 | Mon easy12 / Tue easy12 / Wed easy12 / Thu easy12 / Fri easy12 / Sat easy12 / Sun long29.8",
  "W06 Marathon Conditioning | 124km L35 | Mon easy12 / Tue easy12 / Wed easy12 / Thu easy12 / Fri easy12 / Sat easy12 / Sun long29.8",
  "W07 Marathon Conditioning | 124km L35 | Mon easy12 / Tue easy12 / Wed easy12 / Thu easy12 / Fri easy12 / Sat easy12 / Sun long29.8",
  "W08 Marathon Conditioning | 124km L35 | Mon easy12 / Tue easy12 / Wed easy12 / Thu easy12 / Fri easy12 / Sat easy12 / Sun long29.8",
  "W09 Marathon Conditioning | 124km L35 | Mon easy12 / Tue easy12 / Wed easy12 / Thu easy12 / Fri easy12 / Sat easy12 / Sun long29.8",
  "W10 Marathon Conditioning | 124km L35 | Mon easy12 / Tue easy12 / Wed easy12 / Thu easy12 / Fri easy12 / Sat easy12 / Sun long29.8",
  "W11 Marathon Conditioning | 124km L35 | Mon easy12 / Tue easy12 / Wed easy12 / Thu easy12 / Fri easy12 / Sat easy12 / Sun long29.8",
  "W12 Marathon Conditioning | 124km L35 | Mon easy12 / Tue easy12 / Wed easy12 / Thu easy12 / Fri easy12 / Sat easy12 / Sun long29.8",
  "W13 Hill Resistance | 98km L35 | Mon easy12 / Tue easy12 / Wed tempo / Thu easy12 / Fri easy12 / Sat repetition / Sun long29.8",
  "W14 Hill Resistance | 98km L35 | Mon easy12 / Tue easy12 / Wed tempo / Thu easy12 / Fri easy12 / Sat repetition / Sun long29.8",
  "W15 Hill Resistance | 98km L35 | Mon easy12 / Tue easy12 / Wed tempo / Thu easy12 / Fri easy12 / Sat repetition / Sun long29.8",
  "W16 Hill Resistance | 98km L35 | Mon easy12 / Tue easy12 / Wed tempo / Thu easy12 / Fri easy12 / Sat repetition / Sun long29.8",
  "W17 Anaerobic | 98km L35 | Mon easy12 / Tue easy12 / Wed interval / Thu easy12 / Fri easy12 / Sat tempo / Sun long29.8",
  "W18 Anaerobic | 98km L35 | Mon easy12 / Tue easy12 / Wed interval / Thu easy12 / Fri easy12 / Sat tempo / Sun long29.8",
  "W19 Anaerobic | 98km L35 | Mon easy12 / Tue easy12 / Wed interval / Thu easy12 / Fri easy12 / Sat tempo / Sun long29.8",
  "W20 Anaerobic | 98km L35 | Mon easy12 / Tue easy12 / Wed interval / Thu easy12 / Fri easy12 / Sat tempo / Sun long29.8",
  "W21 Coordination | 98km L35 | Mon easy12 / Tue easy12 / Wed tempo / Thu easy12 / Fri easy12 / Sat tempo / Sun long29.8",
  "W22 Coordination | 98km L35 | Mon easy12 / Tue easy12 / Wed tempo / Thu easy12 / Fri easy12 / Sat tempo / Sun long29.8",
  "W23 Taper | 65km L35 | Mon easy12 / Tue easy12 / Wed tempo / Thu easy12 / Fri easy12 / Sat tempo / Sun long29.8",
  "W24 Taper | 65km L35 | Mon easy12 / Tue easy12 / Wed tempo / Thu easy12 / Fri easy12 / Sat tempo / Sun long29.8",
]
`;

exports[`engine characterization snapshots (3b regression net) > lydiard > beginner - full program span 1`] = `
[
  "W01 Marathon Conditioning | 124km L35 | Mon easy12 / Tue easy12 / Wed easy12 / Thu easy12 / Fri easy12 / Sat easy12 / Sun long29.8",
  "W02 Marathon Conditioning | 124km L35 | Mon easy12 / Tue easy12 / Wed easy12 / Thu easy12 / Fri easy12 / Sat easy12 / Sun long29.8",
  "W03 Marathon Conditioning | 124km L35 | Mon easy12 / Tue easy12 / Wed easy12 / Thu easy12 / Fri easy12 / Sat easy12 / Sun long29.8",
  "W04 Marathon Conditioning | 124km L35 | Mon easy12 / Tue easy12 / Wed easy12 / Thu easy12 / Fri easy12 / Sat easy12 / Sun long29.8",
  "W05 Marathon Conditioning | 124km L35 | Mon easy12 / Tue easy12 / Wed easy12 / Thu easy12 / Fri easy12 / Sat easy12 / Sun long29.8",
  "W06 Marathon Conditioning | 124km L35 | Mon easy12 / Tue easy12 / Wed easy12 / Thu easy12 / Fri easy12 / Sat easy12 / Sun long29.8",
  "W07 Marathon Conditioning | 124km L35 | Mon easy12 / Tue easy12 / Wed easy12 / Thu easy12 / Fri easy12 / Sat easy12 / Sun long29.8",
  "W08 Marathon Conditioning | 124km L35 | Mon easy12 / Tue easy12 / Wed easy12 / Thu easy12 / Fri easy12 / Sat easy12 / Sun long29.8",
  "W09 Marathon Conditioning | 124km L35 | Mon easy12 / Tue easy12 / Wed easy12 / Thu easy12 / Fri easy12 / Sat easy12 / Sun long29.8",
  "W10 Marathon Conditioning | 124km L35 | Mon easy12 / Tue easy12 / Wed easy12 / Thu easy12 / Fri easy12 / Sat easy12 / Sun long29.8",
  "W11 Marathon Conditioning | 124km L35 | Mon easy12 / Tue easy12 / Wed easy12 / Thu easy12 / Fri easy12 / Sat easy12 / Sun long29.8",
  "W12 Marathon Conditioning | 124km L35 | Mon easy12 / Tue easy12 / Wed easy12 / Thu easy12 / Fri easy12 / Sat easy12 / Sun long29.8",
  "W13 Hill Resistance | 98km L35 | Mon easy12 / Tue easy12 / Wed tempo / Thu easy12 / Fri easy12 / Sat repetition / Sun long29.8",
  "W14 Hill Resistance | 98km L35 | Mon easy12 / Tue easy12 / Wed tempo / Thu easy12 / Fri easy12 / Sat repetition / Sun long29.8",
  "W15 Hill Resistance | 98km L35 | Mon easy12 / Tue easy12 / Wed tempo / Thu easy12 / Fri easy12 / Sat repetition / Sun long29.8",
  "W16 Hill Resistance | 98km L35 | Mon easy12 / Tue easy12 / Wed tempo / Thu easy12 / Fri easy12 / Sat repetition / Sun long29.8",
  "W17 Anaerobic | 98km L35 | Mon easy12 / Tue easy12 / Wed interval / Thu easy12 / Fri easy12 / Sat tempo / Sun long29.8",
  "W18 Anaerobic | 98km L35 | Mon easy12 / Tue easy12 / Wed interval / Thu easy12 / Fri easy12 / Sat tempo / Sun long29.8",
  "W19 Anaerobic | 98km L35 | Mon easy12 / Tue easy12 / Wed interval / Thu easy12 / Fri easy12 / Sat tempo / Sun long29.8",
  "W20 Anaerobic | 98km L35 | Mon easy12 / Tue easy12 / Wed interval / Thu easy12 / Fri easy12 / Sat tempo / Sun long29.8",
  "W21 Coordination | 98km L35 | Mon easy12 / Tue easy12 / Wed tempo / Thu easy12 / Fri easy12 / Sat tempo / Sun long29.8",
  "W22 Coordination | 98km L35 | Mon easy12 / Tue easy12 / Wed tempo / Thu easy12 / Fri easy12 / Sat tempo / Sun long29.8",
  "W23 Taper | 65km L35 | Mon easy12 / Tue easy12 / Wed tempo / Thu easy12 / Fri easy12 / Sat tempo / Sun long29.8",
  "W24 Taper | 65km L35 | Mon easy12 / Tue easy12 / Wed tempo / Thu easy12 / Fri easy12 / Sat tempo / Sun long29.8",
]
`;

exports[`engine characterization snapshots (3b regression net) > lydiard > intermediate - full program span 1`] = `
[
  "W01 Marathon Conditioning | 124km L35 | Mon easy12 / Tue easy12 / Wed easy12 / Thu easy12 / Fri easy12 / Sat easy12 / Sun long29.8",
  "W02 Marathon Conditioning | 124km L35 | Mon easy12 / Tue easy12 / Wed easy12 / Thu easy12 / Fri easy12 / Sat easy12 / Sun long29.8",
  "W03 Marathon Conditioning | 124km L35 | Mon easy12 / Tue easy12 / Wed easy12 / Thu easy12 / Fri easy12 / Sat easy12 / Sun long29.8",
  "W04 Marathon Conditioning | 124km L35 | Mon easy12 / Tue easy12 / Wed easy12 / Thu easy12 / Fri easy12 / Sat easy12 / Sun long29.8",
  "W05 Marathon Conditioning | 124km L35 | Mon easy12 / Tue easy12 / Wed easy12 / Thu easy12 / Fri easy12 / Sat easy12 / Sun long29.8",
  "W06 Marathon Conditioning | 124km L35 | Mon easy12 / Tue easy12 / Wed easy12 / Thu easy12 / Fri easy12 / Sat easy12 / Sun long29.8",
  "W07 Marathon Conditioning | 124km L35 | Mon easy12 / Tue easy12 / Wed easy12 / Thu easy12 / Fri easy12 / Sat easy12 / Sun long29.8",
  "W08 Marathon Conditioning | 124km L35 | Mon easy12 / Tue easy12 / Wed easy12 / Thu easy12 / Fri easy12 / Sat easy12 / Sun long29.8",
  "W09 Marathon Conditioning | 124km L35 | Mon easy12 / Tue easy12 / Wed easy12 / Thu easy12 / Fri easy12 / Sat easy12 / Sun long29.8",
  "W10 Marathon Conditioning | 124km L35 | Mon easy12 / Tue easy12 / Wed easy12 / Thu easy12 / Fri easy12 / Sat easy12 / Sun long29.8",
  "W11 Marathon Conditioning | 124km L35 | Mon easy12 / Tue easy12 / Wed easy12 / Thu easy12 / Fri easy12 / Sat easy12 / Sun long29.8",
  "W12 Marathon Conditioning | 124km L35 | Mon easy12 / Tue easy12 / Wed easy12 / Thu easy12 / Fri easy12 / Sat easy12 / Sun long29.8",
  "W13 Hill Resistance | 98km L35 | Mon easy12 / Tue easy12 / Wed tempo / Thu easy12 / Fri easy12 / Sat repetition / Sun long29.8",
  "W14 Hill Resistance | 98km L35 | Mon easy12 / Tue easy12 / Wed tempo / Thu easy12 / Fri easy12 / Sat repetition / Sun long29.8",
  "W15 Hill Resistance | 98km L35 | Mon easy12 / Tue easy12 / Wed tempo / Thu easy12 / Fri easy12 / Sat repetition / Sun long29.8",
  "W16 Hill Resistance | 98km L35 | Mon easy12 / Tue easy12 / Wed tempo / Thu easy12 / Fri easy12 / Sat repetition / Sun long29.8",
  "W17 Anaerobic | 98km L35 | Mon easy12 / Tue easy12 / Wed interval / Thu easy12 / Fri easy12 / Sat tempo / Sun long29.8",
  "W18 Anaerobic | 98km L35 | Mon easy12 / Tue easy12 / Wed interval / Thu easy12 / Fri easy12 / Sat tempo / Sun long29.8",
  "W19 Anaerobic | 98km L35 | Mon easy12 / Tue easy12 / Wed interval / Thu easy12 / Fri easy12 / Sat tempo / Sun long29.8",
  "W20 Anaerobic | 98km L35 | Mon easy12 / Tue easy12 / Wed interval / Thu easy12 / Fri easy12 / Sat tempo / Sun long29.8",
  "W21 Coordination | 98km L35 | Mon easy12 / Tue easy12 / Wed tempo / Thu easy12 / Fri easy12 / Sat tempo / Sun long29.8",
  "W22 Coordination | 98km L35 | Mon easy12 / Tue easy12 / Wed tempo / Thu easy12 / Fri easy12 / Sat tempo / Sun long29.8",
  "W23 Taper | 65km L35 | Mon easy12 / Tue easy12 / Wed tempo / Thu easy12 / Fri easy12 / Sat tempo / Sun long29.8",
  "W24 Taper | 65km L35 | Mon easy12 / Tue easy12 / Wed tempo / Thu easy12 / Fri easy12 / Sat tempo / Sun long29.8",
]
`;

exports[`engine characterization snapshots (3b regression net) > norwegian-singles > advanced - full program span 1`] = `
[
  "W01 Transition | 60km L16 | Mon easy9.5 / Tue tempo13 / Wed easy8 / Thu tempo12 / Fri easy8 / Sat easy6 / Sun long16",
  "W02 Transition | 66km L18 | Mon easy10.5 / Tue tempo13 / Wed easy8 / Thu tempo12 / Fri easy8.5 / Sat tempo13 / Sun long18",
  "W03 Base | 69km L20 | Mon easy10.5 / Tue tempo13 / Wed easy8 / Thu tempo12 / Fri easy8.5 / Sat tempo13 / Sun long20",
  "W04 Base | 72km L22 | Mon easy10.5 / Tue tempo13 / Wed easy8 / Thu tempo12 / Fri easy8.5 / Sat tempo13 / Sun long22",
  "W05 Base | 75km L24 | Mon easy10.5 / Tue tempo13 / Wed easy8 / Thu tempo12 / Fri easy8.5 / Sat tempo13 / Sun long24",
  "W06 Base | 57km L22 | Mon easy7 / Tue tempo13 / Wed easy8 / Thu tempo12 / Fri easy5.5 / Sat tempo13 / Sun long22",
  "W07 Base | 75km L28 | Mon easy9.5 / Tue tempo15 / Wed easy8 / Thu tempo14 / Fri easy7.5 / Sat tempo15 / Sun long28",
  "W08 Base | 75km L30 | Mon easy8.5 / Tue tempo15 / Wed easy8 / Thu tempo14 / Fri easy7 / Sat tempo15 / Sun long30.5",
  "W09 Base | 75km L32 | Mon easy8 / Tue tempo15 / Wed easy8 / Thu tempo14 / Fri easy7 / Sat tempo15 / Sun long32",
  "W10 Base | 60km L26 | Mon easy6 / Tue tempo15 / Wed easy8 / Thu tempo14 / Fri easy5 / Sat tempo15 / Sun long26",
  "W11 Base | 75km L32 | Mon easy8 / Tue tempo15 / Wed easy8 / Thu tempo14 / Fri easy7 / Sat tempo15 / Sun long32",
  "W12 Base | 75km L34 | Mon easy7 / Tue tempo15 / Wed easy8 / Thu tempo14 / Fri easy6 / Sat tempo15 / Sun long34",
  "W13 Specificity | 75km L28 | Mon easy9.5 / Tue tempo13 / Wed easy8 / Thu tempo14 / Fri easy7.5 / Sat tempo13 / Sun long28",
  "W14 Specificity | 75km L30 | Mon easy8.5 / Tue tempo13 / Wed easy8 / Thu tempo14 / Fri easy7 / Sat tempo13 / Sun long30",
  "W15 Specificity | 75km L32 | Mon easy8 / Tue tempo13 / Wed easy8 / Thu tempo14 / Fri easy7 / Sat tempo13 / Sun long32",
  "W16 Specificity | 61km L0 | Mon easy14.5 / Tue tempo13 / Wed easy8 / Thu tempo14 / Fri easy12 / Sat tempo13 / Sun rest",
  "W17 Specificity | 75km L30 | Mon easy8.5 / Tue tempo13 / Wed easy8 / Thu tempo14 / Fri easy7 / Sat tempo13 / Sun long30",
  "W18 Specificity | 75km L32 | Mon easy8 / Tue tempo13 / Wed easy8 / Thu tempo14 / Fri easy7 / Sat tempo13 / Sun long32",
  "W19 Taper | 47km L18 | Mon easy5.5 / Tue tempo9 / Wed easy8 / Thu tempo11 / Fri easy4.5 / Sat easy6 / Sun long18",
  "W20 Taper | 30km L42 | Mon recovery / Tue repetition7 / Wed easy6 / Thu easy5 / Fri rest / Sat easy4.5 / Sun long42.5",
]
`;

exports[`engine characterization snapshots (3b regression net) > norwegian-singles > beginner - full program span 1`] = `
[
  "W01 Transition | 60km L16 | Mon easy9.5 / Tue tempo13 / Wed easy8 / Thu tempo12 / Fri easy8 / Sat easy6 / Sun long16",
  "W02 Transition | 66km L18 | Mon easy10.5 / Tue tempo13 / Wed easy8 / Thu tempo12 / Fri easy8.5 / Sat tempo13 / Sun long18",
  "W03 Base | 69km L20 | Mon easy10.5 / Tue tempo13 / Wed easy8 / Thu tempo12 / Fri easy8.5 / Sat tempo13 / Sun long20",
  "W04 Base | 72km L22 | Mon easy10.5 / Tue tempo13 / Wed easy8 / Thu tempo12 / Fri easy8.5 / Sat tempo13 / Sun long22",
  "W05 Base | 75km L24 | Mon easy10.5 / Tue tempo13 / Wed easy8 / Thu tempo12 / Fri easy8.5 / Sat tempo13 / Sun long24",
  "W06 Base | 57km L22 | Mon easy7 / Tue tempo13 / Wed easy8 / Thu tempo12 / Fri easy5.5 / Sat tempo13 / Sun long22",
  "W07 Base | 75km L28 | Mon easy9.5 / Tue tempo15 / Wed easy8 / Thu tempo14 / Fri easy7.5 / Sat tempo15 / Sun long28",
  "W08 Base | 75km L30 | Mon easy8.5 / Tue tempo15 / Wed easy8 / Thu tempo14 / Fri easy7 / Sat tempo15 / Sun long30.5",
  "W09 Base | 75km L32 | Mon easy8 / Tue tempo15 / Wed easy8 / Thu tempo14 / Fri easy7 / Sat tempo15 / Sun long32",
  "W10 Base | 60km L26 | Mon easy6 / Tue tempo15 / Wed easy8 / Thu tempo14 / Fri easy5 / Sat tempo15 / Sun long26",
  "W11 Base | 75km L32 | Mon easy8 / Tue tempo15 / Wed easy8 / Thu tempo14 / Fri easy7 / Sat tempo15 / Sun long32",
  "W12 Base | 75km L34 | Mon easy7 / Tue tempo15 / Wed easy8 / Thu tempo14 / Fri easy6 / Sat tempo15 / Sun long34",
  "W13 Specificity | 75km L28 | Mon easy9.5 / Tue tempo13 / Wed easy8 / Thu tempo14 / Fri easy7.5 / Sat tempo13 / Sun long28",
  "W14 Specificity | 75km L30 | Mon easy8.5 / Tue tempo13 / Wed easy8 / Thu tempo14 / Fri easy7 / Sat tempo13 / Sun long30",
  "W15 Specificity | 75km L32 | Mon easy8 / Tue tempo13 / Wed easy8 / Thu tempo14 / Fri easy7 / Sat tempo13 / Sun long32",
  "W16 Specificity | 61km L0 | Mon easy14.5 / Tue tempo13 / Wed easy8 / Thu tempo14 / Fri easy12 / Sat tempo13 / Sun rest",
  "W17 Specificity | 75km L30 | Mon easy8.5 / Tue tempo13 / Wed easy8 / Thu tempo14 / Fri easy7 / Sat tempo13 / Sun long30",
  "W18 Specificity | 75km L32 | Mon easy8 / Tue tempo13 / Wed easy8 / Thu tempo14 / Fri easy7 / Sat tempo13 / Sun long32",
  "W19 Taper | 47km L18 | Mon easy5.5 / Tue tempo9 / Wed easy8 / Thu tempo11 / Fri easy4.5 / Sat easy6 / Sun long18",
  "W20 Taper | 30km L42 | Mon recovery / Tue repetition7 / Wed easy6 / Thu easy5 / Fri rest / Sat easy4.5 / Sun long42.5",
]
`;

exports[`engine characterization snapshots (3b regression net) > norwegian-singles > intermediate - full program span 1`] = `
[
  "W01 Transition | 60km L16 | Mon easy9.5 / Tue tempo13 / Wed easy8 / Thu tempo12 / Fri easy8 / Sat easy6 / Sun long16",
  "W02 Transition | 66km L18 | Mon easy10.5 / Tue tempo13 / Wed easy8 / Thu tempo12 / Fri easy8.5 / Sat tempo13 / Sun long18",
  "W03 Base | 69km L20 | Mon easy10.5 / Tue tempo13 / Wed easy8 / Thu tempo12 / Fri easy8.5 / Sat tempo13 / Sun long20",
  "W04 Base | 72km L22 | Mon easy10.5 / Tue tempo13 / Wed easy8 / Thu tempo12 / Fri easy8.5 / Sat tempo13 / Sun long22",
  "W05 Base | 75km L24 | Mon easy10.5 / Tue tempo13 / Wed easy8 / Thu tempo12 / Fri easy8.5 / Sat tempo13 / Sun long24",
  "W06 Base | 57km L22 | Mon easy7 / Tue tempo13 / Wed easy8 / Thu tempo12 / Fri easy5.5 / Sat tempo13 / Sun long22",
  "W07 Base | 75km L28 | Mon easy9.5 / Tue tempo15 / Wed easy8 / Thu tempo14 / Fri easy7.5 / Sat tempo15 / Sun long28",
  "W08 Base | 75km L30 | Mon easy8.5 / Tue tempo15 / Wed easy8 / Thu tempo14 / Fri easy7 / Sat tempo15 / Sun long30.5",
  "W09 Base | 75km L32 | Mon easy8 / Tue tempo15 / Wed easy8 / Thu tempo14 / Fri easy7 / Sat tempo15 / Sun long32",
  "W10 Base | 60km L26 | Mon easy6 / Tue tempo15 / Wed easy8 / Thu tempo14 / Fri easy5 / Sat tempo15 / Sun long26",
  "W11 Base | 75km L32 | Mon easy8 / Tue tempo15 / Wed easy8 / Thu tempo14 / Fri easy7 / Sat tempo15 / Sun long32",
  "W12 Base | 75km L34 | Mon easy7 / Tue tempo15 / Wed easy8 / Thu tempo14 / Fri easy6 / Sat tempo15 / Sun long34",
  "W13 Specificity | 75km L28 | Mon easy9.5 / Tue tempo13 / Wed easy8 / Thu tempo14 / Fri easy7.5 / Sat tempo13 / Sun long28",
  "W14 Specificity | 75km L30 | Mon easy8.5 / Tue tempo13 / Wed easy8 / Thu tempo14 / Fri easy7 / Sat tempo13 / Sun long30",
  "W15 Specificity | 75km L32 | Mon easy8 / Tue tempo13 / Wed easy8 / Thu tempo14 / Fri easy7 / Sat tempo13 / Sun long32",
  "W16 Specificity | 61km L0 | Mon easy14.5 / Tue tempo13 / Wed easy8 / Thu tempo14 / Fri easy12 / Sat tempo13 / Sun rest",
  "W17 Specificity | 75km L30 | Mon easy8.5 / Tue tempo13 / Wed easy8 / Thu tempo14 / Fri easy7 / Sat tempo13 / Sun long30",
  "W18 Specificity | 75km L32 | Mon easy8 / Tue tempo13 / Wed easy8 / Thu tempo14 / Fri easy7 / Sat tempo13 / Sun long32",
  "W19 Taper | 47km L18 | Mon easy5.5 / Tue tempo9 / Wed easy8 / Thu tempo11 / Fri easy4.5 / Sat easy6 / Sun long18",
  "W20 Taper | 30km L42 | Mon recovery / Tue repetition7 / Wed easy6 / Thu easy5 / Fri rest / Sat easy4.5 / Sun long42.5",
]
`;

exports[`engine characterization snapshots (3b regression net) > pfitzinger > advanced - full program span 1`] = `
[
  "W01 Endurance | 95km L35 | Mon recovery6.5 / Tue easy13.5 / Wed recovery9 / Thu easy18 / Fri rest / Sat easy12 / Sun long30.6",
  "W02 Endurance | 95km L35 | Mon recovery6.5 / Tue easy13.5 / Wed recovery9 / Thu easy18 / Fri rest / Sat easy12 / Sun long30.6",
  "W03 Endurance | 95km L35 | Mon recovery6.5 / Tue easy13.5 / Wed recovery9 / Thu easy18 / Fri rest / Sat easy12 / Sun long30.6",
  "W04 Endurance | 95km L35 | Mon recovery6.5 / Tue easy13.5 / Wed recovery9 / Thu easy18 / Fri rest / Sat easy12 / Sun long30.6",
  "W05 Endurance | 95km L35 | Mon recovery6.5 / Tue easy13.5 / Wed recovery9 / Thu easy18 / Fri rest / Sat easy12 / Sun long30.6",
  "W06 Lactate Threshold | 95km L35 | Mon recovery6.5 / Tue tempo14 / Wed recovery9 / Thu easy18 / Fri rest / Sat easy12 / Sun long30.6",
  "W07 Lactate Threshold | 95km L35 | Mon recovery6.5 / Tue tempo14 / Wed recovery9 / Thu easy18 / Fri rest / Sat easy12 / Sun long30.6",
  "W08 Lactate Threshold | 95km L35 | Mon recovery6.5 / Tue tempo14 / Wed recovery9 / Thu easy18 / Fri rest / Sat easy12 / Sun long30.6",
  "W09 Lactate Threshold | 95km L35 | Mon recovery6.5 / Tue tempo14 / Wed recovery9 / Thu easy18 / Fri rest / Sat easy12 / Sun long30.6",
  "W10 Lactate Threshold | 95km L35 | Mon recovery6.5 / Tue tempo14 / Wed recovery9 / Thu easy18 / Fri rest / Sat easy12 / Sun long30.6",
  "W11 Race Prep | 95km L35 | Mon recovery6.5 / Tue tempo14 / Wed recovery9 / Thu easy18 / Fri rest / Sat easy12 / Sun long30.6",
  "W12 Race Prep | 95km L35 | Mon recovery6.5 / Tue tempo14 / Wed recovery9 / Thu easy18 / Fri rest / Sat easy12 / Sun long32.4",
  "W13 Race Prep | 95km L35 | Mon recovery6.5 / Tue tempo14 / Wed recovery9 / Thu easy18 / Fri rest / Sat easy12 / Sun long30.6",
  "W14 Race Prep | 95km L35 | Mon recovery6.5 / Tue tempo14 / Wed recovery9 / Thu easy18 / Fri rest / Sat easy12 / Sun long30.6",
  "W15 Race Prep | 95km L35 | Mon recovery6.5 / Tue tempo14 / Wed recovery9 / Thu easy18 / Fri rest / Sat easy12 / Sun long32.4",
  "W16 Taper | 95km L35 | Mon recovery6.5 / Tue easy13.5 / Wed recovery9 / Thu easy18 / Fri rest / Sat easy12 / Sun long30.6",
  "W17 Taper | 95km L35 | Mon recovery6.5 / Tue easy13.5 / Wed recovery9 / Thu easy18 / Fri rest / Sat easy12 / Sun long30.6",
  "W18 Taper | 95km L35 | Mon recovery6.5 / Tue easy13.5 / Wed recovery9 / Thu easy18 / Fri rest / Sat easy12 / Sun long30.6",
]
`;

exports[`engine characterization snapshots (3b regression net) > pfitzinger > beginner - full program span 1`] = `
[
  "W01 Endurance | 95km L35 | Mon recovery6.5 / Tue easy13.5 / Wed recovery9 / Thu easy18 / Fri rest / Sat easy12 / Sun long30.6",
  "W02 Endurance | 95km L35 | Mon recovery6.5 / Tue easy13.5 / Wed recovery9 / Thu easy18 / Fri rest / Sat easy12 / Sun long30.6",
  "W03 Endurance | 95km L35 | Mon recovery6.5 / Tue easy13.5 / Wed recovery9 / Thu easy18 / Fri rest / Sat easy12 / Sun long30.6",
  "W04 Endurance | 95km L35 | Mon recovery6.5 / Tue easy13.5 / Wed recovery9 / Thu easy18 / Fri rest / Sat easy12 / Sun long30.6",
  "W05 Endurance | 95km L35 | Mon recovery6.5 / Tue easy13.5 / Wed recovery9 / Thu easy18 / Fri rest / Sat easy12 / Sun long30.6",
  "W06 Lactate Threshold | 95km L35 | Mon recovery6.5 / Tue tempo14 / Wed recovery9 / Thu easy18 / Fri rest / Sat easy12 / Sun long30.6",
  "W07 Lactate Threshold | 95km L35 | Mon recovery6.5 / Tue tempo14 / Wed recovery9 / Thu easy18 / Fri rest / Sat easy12 / Sun long30.6",
  "W08 Lactate Threshold | 95km L35 | Mon recovery6.5 / Tue tempo14 / Wed recovery9 / Thu easy18 / Fri rest / Sat easy12 / Sun long30.6",
  "W09 Lactate Threshold | 95km L35 | Mon recovery6.5 / Tue tempo14 / Wed recovery9 / Thu easy18 / Fri rest / Sat easy12 / Sun long30.6",
  "W10 Lactate Threshold | 95km L35 | Mon recovery6.5 / Tue tempo14 / Wed recovery9 / Thu easy18 / Fri rest / Sat easy12 / Sun long30.6",
  "W11 Race Prep | 95km L35 | Mon recovery6.5 / Tue tempo14 / Wed recovery9 / Thu easy18 / Fri rest / Sat easy12 / Sun long30.6",
  "W12 Race Prep | 95km L35 | Mon recovery6.5 / Tue tempo14 / Wed recovery9 / Thu easy18 / Fri rest / Sat easy12 / Sun long32.4",
  "W13 Race Prep | 95km L35 | Mon recovery6.5 / Tue tempo14 / Wed recovery9 / Thu easy18 / Fri rest / Sat easy12 / Sun long30.6",
  "W14 Race Prep | 95km L35 | Mon recovery6.5 / Tue tempo14 / Wed recovery9 / Thu easy18 / Fri rest / Sat easy12 / Sun long30.6",
  "W15 Race Prep | 95km L35 | Mon recovery6.5 / Tue tempo14 / Wed recovery9 / Thu easy18 / Fri rest / Sat easy12 / Sun long32.4",
  "W16 Taper | 95km L35 | Mon recovery6.5 / Tue easy13.5 / Wed recovery9 / Thu easy18 / Fri rest / Sat easy12 / Sun long30.6",
  "W17 Taper | 95km L35 | Mon recovery6.5 / Tue easy13.5 / Wed recovery9 / Thu easy18 / Fri rest / Sat easy12 / Sun long30.6",
  "W18 Taper | 95km L35 | Mon recovery6.5 / Tue easy13.5 / Wed recovery9 / Thu easy18 / Fri rest / Sat easy12 / Sun long30.6",
]
`;

exports[`engine characterization snapshots (3b regression net) > pfitzinger > intermediate - full program span 1`] = `
[
  "W01 Endurance | 95km L35 | Mon recovery6.5 / Tue easy13.5 / Wed recovery9 / Thu easy18 / Fri rest / Sat easy12 / Sun long30.6",
  "W02 Endurance | 95km L35 | Mon recovery6.5 / Tue easy13.5 / Wed recovery9 / Thu easy18 / Fri rest / Sat easy12 / Sun long30.6",
  "W03 Endurance | 95km L35 | Mon recovery6.5 / Tue easy13.5 / Wed recovery9 / Thu easy18 / Fri rest / Sat easy12 / Sun long30.6",
  "W04 Endurance | 95km L35 | Mon recovery6.5 / Tue easy13.5 / Wed recovery9 / Thu easy18 / Fri rest / Sat easy12 / Sun long30.6",
  "W05 Endurance | 95km L35 | Mon recovery6.5 / Tue easy13.5 / Wed recovery9 / Thu easy18 / Fri rest / Sat easy12 / Sun long30.6",
  "W06 Lactate Threshold | 95km L35 | Mon recovery6.5 / Tue tempo14 / Wed recovery9 / Thu easy18 / Fri rest / Sat easy12 / Sun long30.6",
  "W07 Lactate Threshold | 95km L35 | Mon recovery6.5 / Tue tempo14 / Wed recovery9 / Thu easy18 / Fri rest / Sat easy12 / Sun long30.6",
  "W08 Lactate Threshold | 95km L35 | Mon recovery6.5 / Tue tempo14 / Wed recovery9 / Thu easy18 / Fri rest / Sat easy12 / Sun long30.6",
  "W09 Lactate Threshold | 95km L35 | Mon recovery6.5 / Tue tempo14 / Wed recovery9 / Thu easy18 / Fri rest / Sat easy12 / Sun long30.6",
  "W10 Lactate Threshold | 95km L35 | Mon recovery6.5 / Tue tempo14 / Wed recovery9 / Thu easy18 / Fri rest / Sat easy12 / Sun long30.6",
  "W11 Race Prep | 95km L35 | Mon recovery6.5 / Tue tempo14 / Wed recovery9 / Thu easy18 / Fri rest / Sat easy12 / Sun long30.6",
  "W12 Race Prep | 95km L35 | Mon recovery6.5 / Tue tempo14 / Wed recovery9 / Thu easy18 / Fri rest / Sat easy12 / Sun long32.4",
  "W13 Race Prep | 95km L35 | Mon recovery6.5 / Tue tempo14 / Wed recovery9 / Thu easy18 / Fri rest / Sat easy12 / Sun long30.6",
  "W14 Race Prep | 95km L35 | Mon recovery6.5 / Tue tempo14 / Wed recovery9 / Thu easy18 / Fri rest / Sat easy12 / Sun long30.6",
  "W15 Race Prep | 95km L35 | Mon recovery6.5 / Tue tempo14 / Wed recovery9 / Thu easy18 / Fri rest / Sat easy12 / Sun long32.4",
  "W16 Taper | 95km L35 | Mon recovery6.5 / Tue easy13.5 / Wed recovery9 / Thu easy18 / Fri rest / Sat easy12 / Sun long30.6",
  "W17 Taper | 95km L35 | Mon recovery6.5 / Tue easy13.5 / Wed recovery9 / Thu easy18 / Fri rest / Sat easy12 / Sun long30.6",
  "W18 Taper | 95km L35 | Mon recovery6.5 / Tue easy13.5 / Wed recovery9 / Thu easy18 / Fri rest / Sat easy12 / Sun long30.6",
]
`;

exports[`engine characterization snapshots (3b regression net) > polarised > advanced - full program span 1`] = `
[
  "W01 Polarised build | 80km L30 | Mon easy10 / Tue interval7.2 / Wed easy10 / Thu tempo7.2 / Fri recovery3 / Sat easy11 / Sun long25.5",
  "W02 Polarised build | 80km L30 | Mon easy10 / Tue tempo7.2 / Wed easy10 / Thu interval7.2 / Fri recovery3 / Sat easy11 / Sun long25.5",
  "W03 Polarised build | 80km L30 | Mon easy10 / Tue interval7.2 / Wed easy10 / Thu tempo7.2 / Fri recovery3 / Sat easy11 / Sun long25.5",
  "W04 Polarised build | 80km L30 | Mon easy10 / Tue tempo7.2 / Wed easy10 / Thu interval7.2 / Fri recovery3 / Sat easy11 / Sun long25.5",
  "W05 Polarised build | 80km L30 | Mon easy10 / Tue interval7.2 / Wed easy10 / Thu tempo7.2 / Fri recovery3 / Sat easy11 / Sun long25.5",
  "W06 Polarised build | 80km L30 | Mon easy10 / Tue tempo7.2 / Wed easy10 / Thu interval7.2 / Fri recovery3 / Sat easy11 / Sun long25.5",
  "W07 Polarised build | 80km L30 | Mon easy10 / Tue interval7.2 / Wed easy10 / Thu tempo7.2 / Fri recovery3 / Sat easy11 / Sun long25.5",
  "W08 Polarised build | 80km L30 | Mon easy10 / Tue tempo7.2 / Wed easy10 / Thu interval7.2 / Fri recovery3 / Sat easy11 / Sun long25.5",
  "W09 Polarised build | 80km L30 | Mon easy10 / Tue interval7.2 / Wed easy10 / Thu tempo7.2 / Fri recovery3 / Sat easy11 / Sun long25.5",
  "W10 Polarised build | 80km L30 | Mon easy10 / Tue tempo7.2 / Wed easy10 / Thu interval7.2 / Fri recovery3 / Sat easy11 / Sun long25.5",
  "W11 Polarised build | 80km L30 | Mon easy10 / Tue interval7.2 / Wed easy10 / Thu tempo7.2 / Fri recovery3 / Sat easy11 / Sun long25.5",
  "W12 Polarised build | 80km L30 | Mon easy10 / Tue tempo7.2 / Wed easy10 / Thu interval7.2 / Fri recovery3 / Sat easy11 / Sun long25.5",
  "W13 Polarised build | 80km L30 | Mon easy10 / Tue interval7.2 / Wed easy10 / Thu tempo7.2 / Fri recovery3 / Sat easy11 / Sun long25.5",
  "W14 Polarised build | 80km L30 | Mon easy10 / Tue tempo7.2 / Wed easy10 / Thu interval7.2 / Fri recovery3 / Sat easy11 / Sun long25.5",
  "W15 Polarised build | 80km L30 | Mon easy10 / Tue interval7.2 / Wed easy10 / Thu tempo7.2 / Fri recovery3 / Sat easy11 / Sun long25.5",
  "W16 Sharpen | 80km L30 | Mon easy10 / Tue tempo7.2 / Wed easy10 / Thu interval7.2 / Fri recovery3 / Sat easy11 / Sun long25.5",
  "W17 Sharpen | 80km L30 | Mon easy10 / Tue interval7.2 / Wed easy10 / Thu tempo7.2 / Fri recovery3 / Sat easy11 / Sun long25.5",
  "W18 Sharpen | 80km L30 | Mon easy10 / Tue tempo7.2 / Wed easy10 / Thu interval7.2 / Fri recovery3 / Sat easy11 / Sun long25.5",
]
`;

exports[`engine characterization snapshots (3b regression net) > polarised > beginner - full program span 1`] = `
[
  "W01 Polarised build | 80km L30 | Mon easy10 / Tue interval7.2 / Wed easy10 / Thu tempo7.2 / Fri recovery3 / Sat easy11 / Sun long25.5",
  "W02 Polarised build | 80km L30 | Mon easy10 / Tue tempo7.2 / Wed easy10 / Thu interval7.2 / Fri recovery3 / Sat easy11 / Sun long25.5",
  "W03 Polarised build | 80km L30 | Mon easy10 / Tue interval7.2 / Wed easy10 / Thu tempo7.2 / Fri recovery3 / Sat easy11 / Sun long25.5",
  "W04 Polarised build | 80km L30 | Mon easy10 / Tue tempo7.2 / Wed easy10 / Thu interval7.2 / Fri recovery3 / Sat easy11 / Sun long25.5",
  "W05 Polarised build | 80km L30 | Mon easy10 / Tue interval7.2 / Wed easy10 / Thu tempo7.2 / Fri recovery3 / Sat easy11 / Sun long25.5",
  "W06 Polarised build | 80km L30 | Mon easy10 / Tue tempo7.2 / Wed easy10 / Thu interval7.2 / Fri recovery3 / Sat easy11 / Sun long25.5",
  "W07 Polarised build | 80km L30 | Mon easy10 / Tue interval7.2 / Wed easy10 / Thu tempo7.2 / Fri recovery3 / Sat easy11 / Sun long25.5",
  "W08 Polarised build | 80km L30 | Mon easy10 / Tue tempo7.2 / Wed easy10 / Thu interval7.2 / Fri recovery3 / Sat easy11 / Sun long25.5",
  "W09 Polarised build | 80km L30 | Mon easy10 / Tue interval7.2 / Wed easy10 / Thu tempo7.2 / Fri recovery3 / Sat easy11 / Sun long25.5",
  "W10 Polarised build | 80km L30 | Mon easy10 / Tue tempo7.2 / Wed easy10 / Thu interval7.2 / Fri recovery3 / Sat easy11 / Sun long25.5",
  "W11 Polarised build | 80km L30 | Mon easy10 / Tue interval7.2 / Wed easy10 / Thu tempo7.2 / Fri recovery3 / Sat easy11 / Sun long25.5",
  "W12 Polarised build | 80km L30 | Mon easy10 / Tue tempo7.2 / Wed easy10 / Thu interval7.2 / Fri recovery3 / Sat easy11 / Sun long25.5",
  "W13 Polarised build | 80km L30 | Mon easy10 / Tue interval7.2 / Wed easy10 / Thu tempo7.2 / Fri recovery3 / Sat easy11 / Sun long25.5",
  "W14 Polarised build | 80km L30 | Mon easy10 / Tue tempo7.2 / Wed easy10 / Thu interval7.2 / Fri recovery3 / Sat easy11 / Sun long25.5",
  "W15 Polarised build | 80km L30 | Mon easy10 / Tue interval7.2 / Wed easy10 / Thu tempo7.2 / Fri recovery3 / Sat easy11 / Sun long25.5",
  "W16 Sharpen | 80km L30 | Mon easy10 / Tue tempo7.2 / Wed easy10 / Thu interval7.2 / Fri recovery3 / Sat easy11 / Sun long25.5",
  "W17 Sharpen | 80km L30 | Mon easy10 / Tue interval7.2 / Wed easy10 / Thu tempo7.2 / Fri recovery3 / Sat easy11 / Sun long25.5",
  "W18 Sharpen | 80km L30 | Mon easy10 / Tue tempo7.2 / Wed easy10 / Thu interval7.2 / Fri recovery3 / Sat easy11 / Sun long25.5",
]
`;

exports[`engine characterization snapshots (3b regression net) > polarised > intermediate - full program span 1`] = `
[
  "W01 Polarised build | 80km L30 | Mon easy10 / Tue interval7.2 / Wed easy10 / Thu tempo7.2 / Fri recovery3 / Sat easy11 / Sun long25.5",
  "W02 Polarised build | 80km L30 | Mon easy10 / Tue tempo7.2 / Wed easy10 / Thu interval7.2 / Fri recovery3 / Sat easy11 / Sun long25.5",
  "W03 Polarised build | 80km L30 | Mon easy10 / Tue interval7.2 / Wed easy10 / Thu tempo7.2 / Fri recovery3 / Sat easy11 / Sun long25.5",
  "W04 Polarised build | 80km L30 | Mon easy10 / Tue tempo7.2 / Wed easy10 / Thu interval7.2 / Fri recovery3 / Sat easy11 / Sun long25.5",
  "W05 Polarised build | 80km L30 | Mon easy10 / Tue interval7.2 / Wed easy10 / Thu tempo7.2 / Fri recovery3 / Sat easy11 / Sun long25.5",
  "W06 Polarised build | 80km L30 | Mon easy10 / Tue tempo7.2 / Wed easy10 / Thu interval7.2 / Fri recovery3 / Sat easy11 / Sun long25.5",
  "W07 Polarised build | 80km L30 | Mon easy10 / Tue interval7.2 / Wed easy10 / Thu tempo7.2 / Fri recovery3 / Sat easy11 / Sun long25.5",
  "W08 Polarised build | 80km L30 | Mon easy10 / Tue tempo7.2 / Wed easy10 / Thu interval7.2 / Fri recovery3 / Sat easy11 / Sun long25.5",
  "W09 Polarised build | 80km L30 | Mon easy10 / Tue interval7.2 / Wed easy10 / Thu tempo7.2 / Fri recovery3 / Sat easy11 / Sun long25.5",
  "W10 Polarised build | 80km L30 | Mon easy10 / Tue tempo7.2 / Wed easy10 / Thu interval7.2 / Fri recovery3 / Sat easy11 / Sun long25.5",
  "W11 Polarised build | 80km L30 | Mon easy10 / Tue interval7.2 / Wed easy10 / Thu tempo7.2 / Fri recovery3 / Sat easy11 / Sun long25.5",
  "W12 Polarised build | 80km L30 | Mon easy10 / Tue tempo7.2 / Wed easy10 / Thu interval7.2 / Fri recovery3 / Sat easy11 / Sun long25.5",
  "W13 Polarised build | 80km L30 | Mon easy10 / Tue interval7.2 / Wed easy10 / Thu tempo7.2 / Fri recovery3 / Sat easy11 / Sun long25.5",
  "W14 Polarised build | 80km L30 | Mon easy10 / Tue tempo7.2 / Wed easy10 / Thu interval7.2 / Fri recovery3 / Sat easy11 / Sun long25.5",
  "W15 Polarised build | 80km L30 | Mon easy10 / Tue interval7.2 / Wed easy10 / Thu tempo7.2 / Fri recovery3 / Sat easy11 / Sun long25.5",
  "W16 Sharpen | 80km L30 | Mon easy10 / Tue tempo7.2 / Wed easy10 / Thu interval7.2 / Fri recovery3 / Sat easy11 / Sun long25.5",
  "W17 Sharpen | 80km L30 | Mon easy10 / Tue interval7.2 / Wed easy10 / Thu tempo7.2 / Fri recovery3 / Sat easy11 / Sun long25.5",
  "W18 Sharpen | 80km L30 | Mon easy10 / Tue tempo7.2 / Wed easy10 / Thu interval7.2 / Fri recovery3 / Sat easy11 / Sun long25.5",
]
`;

exports[`engine characterization snapshots (3b regression net) > ultra > advanced - full program span 1`] = `
[
  "W01 Ultra build (stub) | 100km L50 | Mon recovery8 / Tue easy14 / Wed easy14 / Thu tempo12 / Fri rest / Sat long27.5 / Sun long42.5",
  "W02 Ultra build (stub) | 100km L50 | Mon recovery8 / Tue easy14 / Wed easy14 / Thu tempo12 / Fri rest / Sat long27.5 / Sun long42.5",
  "W03 Ultra build (stub) | 100km L50 | Mon recovery8 / Tue easy14 / Wed easy14 / Thu tempo12 / Fri rest / Sat long27.5 / Sun long42.5",
  "W04 Ultra build (stub) | 100km L50 | Mon recovery8 / Tue easy14 / Wed easy14 / Thu tempo12 / Fri rest / Sat long27.5 / Sun long42.5",
  "W05 Ultra build (stub) | 100km L50 | Mon recovery8 / Tue easy14 / Wed easy14 / Thu tempo12 / Fri rest / Sat long27.5 / Sun long42.5",
  "W06 Ultra build (stub) | 100km L50 | Mon recovery8 / Tue easy14 / Wed easy14 / Thu tempo12 / Fri rest / Sat long27.5 / Sun long42.5",
  "W07 Ultra build (stub) | 100km L50 | Mon recovery8 / Tue easy14 / Wed easy14 / Thu tempo12 / Fri rest / Sat long27.5 / Sun long42.5",
  "W08 Ultra build (stub) | 100km L50 | Mon recovery8 / Tue easy14 / Wed easy14 / Thu tempo12 / Fri rest / Sat long27.5 / Sun long42.5",
  "W09 Ultra build (stub) | 100km L50 | Mon recovery8 / Tue easy14 / Wed easy14 / Thu tempo12 / Fri rest / Sat long27.5 / Sun long42.5",
  "W10 Ultra build (stub) | 100km L50 | Mon recovery8 / Tue easy14 / Wed easy14 / Thu tempo12 / Fri rest / Sat long27.5 / Sun long42.5",
  "W11 Ultra build (stub) | 100km L50 | Mon recovery8 / Tue easy14 / Wed easy14 / Thu tempo12 / Fri rest / Sat long27.5 / Sun long42.5",
  "W12 Ultra build (stub) | 100km L50 | Mon recovery8 / Tue easy14 / Wed easy14 / Thu tempo12 / Fri rest / Sat long27.5 / Sun long42.5",
  "W13 Ultra build (stub) | 100km L50 | Mon recovery8 / Tue easy14 / Wed easy14 / Thu tempo12 / Fri rest / Sat long27.5 / Sun long42.5",
  "W14 Ultra build (stub) | 100km L50 | Mon recovery8 / Tue easy14 / Wed easy14 / Thu tempo12 / Fri rest / Sat long27.5 / Sun long42.5",
  "W15 Ultra build (stub) | 100km L50 | Mon recovery8 / Tue easy14 / Wed easy14 / Thu tempo12 / Fri rest / Sat long27.5 / Sun long42.5",
  "W16 Ultra build (stub) | 100km L50 | Mon recovery8 / Tue easy14 / Wed easy14 / Thu tempo12 / Fri rest / Sat long27.5 / Sun long42.5",
  "W17 Ultra build (stub) | 100km L50 | Mon recovery8 / Tue easy14 / Wed easy14 / Thu tempo12 / Fri rest / Sat long27.5 / Sun long42.5",
  "W18 Ultra build (stub) | 100km L50 | Mon recovery8 / Tue easy14 / Wed easy14 / Thu tempo12 / Fri rest / Sat long27.5 / Sun long42.5",
  "W19 Ultra build (stub) | 100km L50 | Mon recovery8 / Tue easy14 / Wed easy14 / Thu tempo12 / Fri rest / Sat long27.5 / Sun long42.5",
  "W20 Ultra build (stub) | 100km L50 | Mon recovery8 / Tue easy14 / Wed easy14 / Thu tempo12 / Fri rest / Sat long27.5 / Sun long42.5",
  "W21 Ultra build (stub) | 100km L50 | Mon recovery8 / Tue easy14 / Wed easy14 / Thu tempo12 / Fri rest / Sat long27.5 / Sun long42.5",
  "W22 Ultra build (stub) | 100km L50 | Mon recovery8 / Tue easy14 / Wed easy14 / Thu tempo12 / Fri rest / Sat long27.5 / Sun long42.5",
  "W23 Ultra build (stub) | 100km L50 | Mon recovery8 / Tue easy14 / Wed easy14 / Thu tempo12 / Fri rest / Sat long27.5 / Sun long42.5",
  "W24 Ultra build (stub) | 100km L50 | Mon recovery8 / Tue easy14 / Wed easy14 / Thu tempo12 / Fri rest / Sat long27.5 / Sun long42.5",
]
`;

exports[`engine characterization snapshots (3b regression net) > ultra > beginner - full program span 1`] = `
[
  "W01 Ultra build (stub) | 100km L50 | Mon recovery8 / Tue easy14 / Wed easy14 / Thu tempo12 / Fri rest / Sat long27.5 / Sun long42.5",
  "W02 Ultra build (stub) | 100km L50 | Mon recovery8 / Tue easy14 / Wed easy14 / Thu tempo12 / Fri rest / Sat long27.5 / Sun long42.5",
  "W03 Ultra build (stub) | 100km L50 | Mon recovery8 / Tue easy14 / Wed easy14 / Thu tempo12 / Fri rest / Sat long27.5 / Sun long42.5",
  "W04 Ultra build (stub) | 100km L50 | Mon recovery8 / Tue easy14 / Wed easy14 / Thu tempo12 / Fri rest / Sat long27.5 / Sun long42.5",
  "W05 Ultra build (stub) | 100km L50 | Mon recovery8 / Tue easy14 / Wed easy14 / Thu tempo12 / Fri rest / Sat long27.5 / Sun long42.5",
  "W06 Ultra build (stub) | 100km L50 | Mon recovery8 / Tue easy14 / Wed easy14 / Thu tempo12 / Fri rest / Sat long27.5 / Sun long42.5",
  "W07 Ultra build (stub) | 100km L50 | Mon recovery8 / Tue easy14 / Wed easy14 / Thu tempo12 / Fri rest / Sat long27.5 / Sun long42.5",
  "W08 Ultra build (stub) | 100km L50 | Mon recovery8 / Tue easy14 / Wed easy14 / Thu tempo12 / Fri rest / Sat long27.5 / Sun long42.5",
  "W09 Ultra build (stub) | 100km L50 | Mon recovery8 / Tue easy14 / Wed easy14 / Thu tempo12 / Fri rest / Sat long27.5 / Sun long42.5",
  "W10 Ultra build (stub) | 100km L50 | Mon recovery8 / Tue easy14 / Wed easy14 / Thu tempo12 / Fri rest / Sat long27.5 / Sun long42.5",
  "W11 Ultra build (stub) | 100km L50 | Mon recovery8 / Tue easy14 / Wed easy14 / Thu tempo12 / Fri rest / Sat long27.5 / Sun long42.5",
  "W12 Ultra build (stub) | 100km L50 | Mon recovery8 / Tue easy14 / Wed easy14 / Thu tempo12 / Fri rest / Sat long27.5 / Sun long42.5",
  "W13 Ultra build (stub) | 100km L50 | Mon recovery8 / Tue easy14 / Wed easy14 / Thu tempo12 / Fri rest / Sat long27.5 / Sun long42.5",
  "W14 Ultra build (stub) | 100km L50 | Mon recovery8 / Tue easy14 / Wed easy14 / Thu tempo12 / Fri rest / Sat long27.5 / Sun long42.5",
  "W15 Ultra build (stub) | 100km L50 | Mon recovery8 / Tue easy14 / Wed easy14 / Thu tempo12 / Fri rest / Sat long27.5 / Sun long42.5",
  "W16 Ultra build (stub) | 100km L50 | Mon recovery8 / Tue easy14 / Wed easy14 / Thu tempo12 / Fri rest / Sat long27.5 / Sun long42.5",
  "W17 Ultra build (stub) | 100km L50 | Mon recovery8 / Tue easy14 / Wed easy14 / Thu tempo12 / Fri rest / Sat long27.5 / Sun long42.5",
  "W18 Ultra build (stub) | 100km L50 | Mon recovery8 / Tue easy14 / Wed easy14 / Thu tempo12 / Fri rest / Sat long27.5 / Sun long42.5",
  "W19 Ultra build (stub) | 100km L50 | Mon recovery8 / Tue easy14 / Wed easy14 / Thu tempo12 / Fri rest / Sat long27.5 / Sun long42.5",
  "W20 Ultra build (stub) | 100km L50 | Mon recovery8 / Tue easy14 / Wed easy14 / Thu tempo12 / Fri rest / Sat long27.5 / Sun long42.5",
  "W21 Ultra build (stub) | 100km L50 | Mon recovery8 / Tue easy14 / Wed easy14 / Thu tempo12 / Fri rest / Sat long27.5 / Sun long42.5",
  "W22 Ultra build (stub) | 100km L50 | Mon recovery8 / Tue easy14 / Wed easy14 / Thu tempo12 / Fri rest / Sat long27.5 / Sun long42.5",
  "W23 Ultra build (stub) | 100km L50 | Mon recovery8 / Tue easy14 / Wed easy14 / Thu tempo12 / Fri rest / Sat long27.5 / Sun long42.5",
  "W24 Ultra build (stub) | 100km L50 | Mon recovery8 / Tue easy14 / Wed easy14 / Thu tempo12 / Fri rest / Sat long27.5 / Sun long42.5",
]
`;

exports[`engine characterization snapshots (3b regression net) > ultra > intermediate - full program span 1`] = `
[
  "W01 Ultra build (stub) | 100km L50 | Mon recovery8 / Tue easy14 / Wed easy14 / Thu tempo12 / Fri rest / Sat long27.5 / Sun long42.5",
  "W02 Ultra build (stub) | 100km L50 | Mon recovery8 / Tue easy14 / Wed easy14 / Thu tempo12 / Fri rest / Sat long27.5 / Sun long42.5",
  "W03 Ultra build (stub) | 100km L50 | Mon recovery8 / Tue easy14 / Wed easy14 / Thu tempo12 / Fri rest / Sat long27.5 / Sun long42.5",
  "W04 Ultra build (stub) | 100km L50 | Mon recovery8 / Tue easy14 / Wed easy14 / Thu tempo12 / Fri rest / Sat long27.5 / Sun long42.5",
  "W05 Ultra build (stub) | 100km L50 | Mon recovery8 / Tue easy14 / Wed easy14 / Thu tempo12 / Fri rest / Sat long27.5 / Sun long42.5",
  "W06 Ultra build (stub) | 100km L50 | Mon recovery8 / Tue easy14 / Wed easy14 / Thu tempo12 / Fri rest / Sat long27.5 / Sun long42.5",
  "W07 Ultra build (stub) | 100km L50 | Mon recovery8 / Tue easy14 / Wed easy14 / Thu tempo12 / Fri rest / Sat long27.5 / Sun long42.5",
  "W08 Ultra build (stub) | 100km L50 | Mon recovery8 / Tue easy14 / Wed easy14 / Thu tempo12 / Fri rest / Sat long27.5 / Sun long42.5",
  "W09 Ultra build (stub) | 100km L50 | Mon recovery8 / Tue easy14 / Wed easy14 / Thu tempo12 / Fri rest / Sat long27.5 / Sun long42.5",
  "W10 Ultra build (stub) | 100km L50 | Mon recovery8 / Tue easy14 / Wed easy14 / Thu tempo12 / Fri rest / Sat long27.5 / Sun long42.5",
  "W11 Ultra build (stub) | 100km L50 | Mon recovery8 / Tue easy14 / Wed easy14 / Thu tempo12 / Fri rest / Sat long27.5 / Sun long42.5",
  "W12 Ultra build (stub) | 100km L50 | Mon recovery8 / Tue easy14 / Wed easy14 / Thu tempo12 / Fri rest / Sat long27.5 / Sun long42.5",
  "W13 Ultra build (stub) | 100km L50 | Mon recovery8 / Tue easy14 / Wed easy14 / Thu tempo12 / Fri rest / Sat long27.5 / Sun long42.5",
  "W14 Ultra build (stub) | 100km L50 | Mon recovery8 / Tue easy14 / Wed easy14 / Thu tempo12 / Fri rest / Sat long27.5 / Sun long42.5",
  "W15 Ultra build (stub) | 100km L50 | Mon recovery8 / Tue easy14 / Wed easy14 / Thu tempo12 / Fri rest / Sat long27.5 / Sun long42.5",
  "W16 Ultra build (stub) | 100km L50 | Mon recovery8 / Tue easy14 / Wed easy14 / Thu tempo12 / Fri rest / Sat long27.5 / Sun long42.5",
  "W17 Ultra build (stub) | 100km L50 | Mon recovery8 / Tue easy14 / Wed easy14 / Thu tempo12 / Fri rest / Sat long27.5 / Sun long42.5",
  "W18 Ultra build (stub) | 100km L50 | Mon recovery8 / Tue easy14 / Wed easy14 / Thu tempo12 / Fri rest / Sat long27.5 / Sun long42.5",
  "W19 Ultra build (stub) | 100km L50 | Mon recovery8 / Tue easy14 / Wed easy14 / Thu tempo12 / Fri rest / Sat long27.5 / Sun long42.5",
  "W20 Ultra build (stub) | 100km L50 | Mon recovery8 / Tue easy14 / Wed easy14 / Thu tempo12 / Fri rest / Sat long27.5 / Sun long42.5",
  "W21 Ultra build (stub) | 100km L50 | Mon recovery8 / Tue easy14 / Wed easy14 / Thu tempo12 / Fri rest / Sat long27.5 / Sun long42.5",
  "W22 Ultra build (stub) | 100km L50 | Mon recovery8 / Tue easy14 / Wed easy14 / Thu tempo12 / Fri rest / Sat long27.5 / Sun long42.5",
  "W23 Ultra build (stub) | 100km L50 | Mon recovery8 / Tue easy14 / Wed easy14 / Thu tempo12 / Fri rest / Sat long27.5 / Sun long42.5",
  "W24 Ultra build (stub) | 100km L50 | Mon recovery8 / Tue easy14 / Wed easy14 / Thu tempo12 / Fri rest / Sat long27.5 / Sun long42.5",
]
`;
